MemTotal:        7953044 kB
MemFree:          973000 kB
MemAvailable:    2789528 kB
Buffers:           79976 kB
Cached:          1955796 kB
SwapCached:            0 kB
Active:           641000 kB
Inactive:        6113224 kB
Active(anon):       1208 kB
Inactive(anon):  4762840 kB
Active(file):     639792 kB
Inactive(file):  1350384 kB
Unevictable:          32 kB
Mlocked:              32 kB
SwapTotal:        998396 kB
SwapFree:         998396 kB
Dirty:              8048 kB
Writeback:             0 kB
AnonPages:       4324884 kB
Mapped:           946836 kB
Shmem:             45596 kB
KReclaimable:      89976 kB
Slab:             138984 kB
SReclaimable:      89976 kB
SUnreclaim:        49008 kB
KernelStack:        8384 kB
PageTables:        25312 kB
NFS_Unstable:          0 kB
Bounce:                0 kB
WritebackTmp:          0 kB
CommitLimit:     4974916 kB
Committed_AS:    5622744 kB
VmallocTotal:   34359738367 kB
VmallocUsed:       37052 kB
VmallocChunk:          0 kB
Percpu:             4768 kB
HardwareCorrupted:     0 kB
AnonHugePages:   1652736 kB
ShmemHugePages:        0 kB
ShmemPmdMapped:        0 kB
FileHugePages:         0 kB
FilePmdMapped:         0 kB
HugePages_Total:       0
HugePages_Free:        0
HugePages_Rsvd:        0
HugePages_Surp:        0
Hugepagesize:       2048 kB
Hugetlb:               0 kB
DirectMap4k:      159680 kB
DirectMap2M:     8032256 kB
